GowinSynthesis start
Running parser ...
Analyzing Verilog file 'C:\Users\Giuliano\Documents\Embarcadero\Studio\Projects\TangNano\9K\LCD\src\TOP.sv'
Analyzing Verilog file 'C:\Users\Giuliano\Documents\Embarcadero\Studio\Projects\TangNano\9K\LCD\src\VGA_Timing.sv'
Analyzing Verilog file 'C:\Users\Giuliano\Documents\Embarcadero\Studio\Projects\TangNano\9K\LCD\src\FramebufferController.sv'
Analyzing Verilog file 'C:\Users\Giuliano\Documents\Embarcadero\Studio\Projects\TangNano\9K\LCD\src\framebuffer_fifo\framebuffer_fifo.v'
Analyzing Verilog file 'C:\Users\Giuliano\Documents\Embarcadero\Studio\Projects\TangNano\9K\LCD\src\gowin_rpll\Gowin_rPLL_PSRAM.v'
Analyzing Verilog file 'C:\Users\Giuliano\Documents\Embarcadero\Studio\Projects\TangNano\9K\LCD\src\gowin_rpll\gowin_rpll.v'
Analyzing Verilog file 'C:\Users\Giuliano\Documents\Embarcadero\Studio\Projects\TangNano\9K\LCD\src\psram_memory_interface_hs\psram_memory_interface_hs.v'
Compiling module 'TOP'("C:\Users\Giuliano\Documents\Embarcadero\Studio\Projects\TangNano\9K\LCD\src\TOP.sv":1)
Compiling module 'Gowin_rPLL'("C:\Users\Giuliano\Documents\Embarcadero\Studio\Projects\TangNano\9K\LCD\src\gowin_rpll\gowin_rpll.v":9)
Compiling module 'Gowin_rPLL_PSRAM'("C:\Users\Giuliano\Documents\Embarcadero\Studio\Projects\TangNano\9K\LCD\src\gowin_rpll\Gowin_rPLL_PSRAM.v":11)
Compiling module 'PSRAM_Memory_Interface_HS_Top'("C:\Users\Giuliano\Documents\Embarcadero\Studio\Projects\TangNano\9K\LCD\src\psram_memory_interface_hs\psram_memory_interface_hs.v":3401)
Compiling module '**'("C:\Users\Giuliano\Documents\Embarcadero\Studio\Projects\TangNano\9K\LCD\src\psram_memory_interface_hs\psram_memory_interface_hs.v":3400)
Compiling module 'FramebufferController'("C:\Users\Giuliano\Documents\Embarcadero\Studio\Projects\TangNano\9K\LCD\src\FramebufferController.sv":1)
Compiling module 'framebuffer_fifo'("C:\Users\Giuliano\Documents\Embarcadero\Studio\Projects\TangNano\9K\LCD\src\framebuffer_fifo\framebuffer_fifo.v":679)
Compiling module '**'("C:\Users\Giuliano\Documents\Embarcadero\Studio\Projects\TangNano\9K\LCD\src\framebuffer_fifo\framebuffer_fifo.v":678)
Compiling module 'VGA_Timing'("C:\Users\Giuliano\Documents\Embarcadero\Studio\Projects\TangNano\9K\LCD\src\VGA_Timing.sv":1)
NOTE  (EX0101) : Current top module is "TOP"
[5%] Running netlist conversion ...
Running device independent optimization ...
[10%] Optimizing Phase 0 completed
[15%] Optimizing Phase 1 completed
[25%] Optimizing Phase 2 completed
Running inference ...
[30%] Inferring Phase 0 completed
[40%] Inferring Phase 1 completed
[50%] Inferring Phase 2 completed
[55%] Inferring Phase 3 completed
Running technical mapping ...
[60%] Tech-Mapping Phase 0 completed
[65%] Tech-Mapping Phase 1 completed
[75%] Tech-Mapping Phase 2 completed
[80%] Tech-Mapping Phase 3 completed
[90%] Tech-Mapping Phase 4 completed
[95%] Generate netlist file "C:\Users\Giuliano\Documents\Embarcadero\Studio\Projects\TangNano\9K\LCD\impl\gwsynthesis\LCD.vg" completed
[100%] Generate report file "C:\Users\Giuliano\Documents\Embarcadero\Studio\Projects\TangNano\9K\LCD\impl\gwsynthesis\LCD_syn.rpt.html" completed
GowinSynthesis finish
